// Jest Snapshot v1, https://goo.gl/fbAQLP

exports[`variable declaration allows const 1`] = `"const bar = 1;"`;
